ABS_Fx$E8
ABS_Funcexec$E6
ACOS_Fx$E5
ACOS_Funcexec$C5
ACOS_Funcexec$C6
ACOSH_Fx$E5
ACOSH_Funcexec$F7
Addition$A3
Addition_Funcexec$E3
AddressFx$D5
AND_Fx$E5
AND_Fx_False$F5
ASIN_Fx$E3
ASINH_Fx$B2
ASINH_Fx$B3
ATAN_Fx$B2
ATAN_Fx$B3
ATAN_Fx$B4
ATAN2_Fx$B3
ATANH_Fx$D5
AVEDEV_Fx$C8
AVERAGE_Funcexec$F6
AVERAGE_Funcexec$F7
AVERAGE_Funcexec$F8
AVERAGE_Funcexec$F9
AverageFx$E5
Brackets_in_formula$E12
CEILING_Fx$B2
CEILING_Fx$B4
Cell_with_data_instead_of_formula$E4
CHAR_Fx$B12
CHOOSE_Fx$B2
CHOOSE_Fx_cells$B2
CHOOSE_Fx_cells$B10
CLEAN_Fx$B6
COLUMN_Fx$F11
COLUMNS_Fx$E5
Combin_Fx$E6
Concatenate_Fx$D5
DateFx$E8
DAYS360_Fx$B5
DAYS360_Fx$B6
DAYS360_Fx$B7
DAYS360_Fx$B8
DEFINES_dollar_sign$D7
DEFINES_dollar_sign$D8
DEFINES_dollar_sign$D9
DEGREES_Fx$E6
DEGREES_Fx$E7
Division$B3
Empty_cell_in_formula$E5
Empty_cell$E6
Error_Div$E6
Error_Name$B2
Error_Null$E6
Error_Num$A1
Error_Ref$E6
Error_RefCut$E6
Error_RefSHEET$E6
Error_Value$E5
IF_False$E6
IF_TRUE$E6
IFERROR_Fx$B5
Listed_values$E5
MedianFx$E5
ModeFx$E5
Multiplication$A3
PlusIF$A1
Query_of_data_from_another_sheet$A4
Quotes$D4
Subtraction$A4
Subtraсtion_Funcexec$E3
SUM_Funcexec$F6
SUM_Funcexec$F7
SUM_Funcexec$F8
SUM_Funcexec$F9
SUM_Function$E6
T_Fx$D5
T_Logical_Fx$D5
T_Number_Fx$D5
Txt$E5